// Jest Snapshot v1, https://goo.gl/fbAQLP

exports[`<ResultsList /> should match the snapshot 1`] = `
<Table
  as="table"
  celled={true}
  padded={true}
>
  <TableHeader
    as="thead"
  >
    <TableRow
      as="tr"
      cellAs="td"
    >
      <TableHeaderCell
        as="th"
        singleLine={true}
      >
        First Name
      </TableHeaderCell>
      <TableHeaderCell
        as="th"
      >
        Last Name
      </TableHeaderCell>
      <TableHeaderCell
        as="th"
      >
        Email
      </TableHeaderCell>
      <TableHeaderCell
        as="th"
      >
        Status
      </TableHeaderCell>
    </TableRow>
  </TableHeader>
  <TableBody
    as="tbody"
  >
    <TableRow
      as="tr"
      cellAs="td"
      key="0"
    >
      <TableCell
        as="td"
        singleLine={true}
      >
        Macie
      </TableCell>
      <TableCell
        as="td"
        singleLine={true}
      >
        Emmerich
      </TableCell>
      <TableCell
        as="td"
        singleLine={true}
      >
        cremin.marjory@hotmail.com
      </TableCell>
      <TableCell
        as="td"
        singleLine={true}
      >
        active
      </TableCell>
    </TableRow>
  </TableBody>
</Table>
`;
